Exporter version: 2.93.4, Blender version: 2.93.3
========= Conversion from Blender to Babylon.js =========
	Scene settings used :
		Inline textures     :  false
		Material Type       :  PBR
		Positions Precision :  4
		Normals Precision   :  3
		UVs Precision       :  3
		Vert Color Precision:  3
		Mat Weight Precision:  2
		Keep Z-up r-handed  :  no
		Texture directory   :  C:\00 TRABAJO\fxhash\S4NT1\S4NTI\models\
	Python World class constructor completed
	WARNING: No active camera has been assigned, or is not in a currently enabled collection
	processing begun of mesh:  b1
		processing begun of material:  PIEDRA
		processing begun of material:  eb1
		processing begun of multimaterial:  bottom.Multimaterial#0
		num positions      :  1650
		num normals        :  1650
		num tangents       :  0
		num uvs            :  3300
		num uvs2           :  0
		num colors         :  0
		num triangles      :  664
	processing begun of mesh:  b2
		processing begun of material:  PIEDRA
		processing begun of material:  eb2
		registered as also a user of material:  PIEDRA
		processing begun of multimaterial:  bottom.Multimaterial#1
		num positions      :  6787
		num normals        :  6787
		num tangents       :  0
		num uvs            :  13574
		num uvs2           :  0
		num colors         :  0
		num triangles      :  6164
	processing begun of mesh:  b3
		processing begun of material:  PIEDRA
		processing begun of material:  eb3
		registered as also a user of material:  PIEDRA
		processing begun of multimaterial:  bottom.Multimaterial#2
		num positions      :  3804
		num normals        :  3804
		num tangents       :  0
		num uvs            :  7608
		num uvs2           :  0
		num colors         :  0
		num triangles      :  6396
	processing begun of mesh:  b4
		processing begun of material:  PIEDRA
		processing begun of material:  eb4
		registered as also a user of material:  PIEDRA
		processing begun of multimaterial:  bottom.Multimaterial#3
		num positions      :  8352
		num normals        :  8352
		num tangents       :  0
		num uvs            :  16704
		num uvs2           :  0
		num colors         :  0
		num triangles      :  10962
========= Writing of JSON file started =========
	writing mesh:  b1
	writing mesh:  b2
	writing mesh:  b3
	writing mesh:  b4
========= Writing of JSON file completed =========
========= end of processing =========
elapsed time:  0 min, 1.6012 secs
